Fri Oct 23 14:43:44 CEST 2020
$PROBLEM    Time-to-event model example Weibull distribution
$INPUT      ID TIME DV EVID DOSE EXPO AGE
$DATA      tte_data1.dat IGNORE=@
$SUBROUTINE ADVAN=13 TOL=9
$MODEL      COMP=(HAZARD)
$PK

   LAM= THETA(1)*EXP(ETA(1))
   SHP=THETA(2)

;--------------Covariate relationships---------------
;--------------SCM compatible code-------------------
   TVRF =  (AGE/50)**THETA(3)
   TVEFF = THETA(4)*EXPO
   RFCOV = 0

   TVRF = RFCOV+TVRF
   RF   = 1*TVRF+TVEFF



$DES


   DEL= 1E-12

;----------hazard-----------------------------------

   DADT(1)=LAM*EXP(RF)*SHP*(LAM*T+DEL)**(SHP-1)

;----------TTE Model------------------------------

$ERROR

  CHZ = A(1)
  SURX = EXP(-CHZ)            ;survival probability

  DELX = 1E-12

  HAZNOW = LAM*SHP*EXP(RF)*(LAM*TIME+DELX)**(SHP-1)

  Y=SURX                      ;censored event (prob of survival)
  IF(DV.EQ.1)  Y=SURX*HAZNOW  ;prob density function of event

$THETA  (0,5E-03) ; LAMBDA; 1
$THETA  (0.2,1.3) ; SHAPE; 2  1FIX for exponential distr
$THETA  (0,0.5,2) ; AGE EFFECT
$THETA  (-1,-0.01,1) ; EXPOSURE EFFECT
$OMEGA  0  FIX
$ESTIMATION MAXEVAL=9999 METHOD=0 LIKE SIGL=9 NSIG=3 PRINT=1
$COVARIANCE MATRIX=R UNCONDITIONAL PRINT=E
$TABLE      ID TIME SURX CHZ EVID AGE EXPO DOSE NOPRINT ONEHEADER
            FILE=tte_weibull_sdtab


NM-TRAN MESSAGES
  
 WARNINGS AND ERRORS (IF ANY) FOR PROBLEM    1
             
 (WARNING  2) NM-TRAN INFERS THAT THE DATA ARE POPULATION.
             
 (WARNING  97) A RANDOM QUANTITY IS RAISED TO A POWER. IF THE RESULT AFFECTS
 THE VALUE OF THE OBJECTIVE FUNCTION, THE USER SHOULD ENSURE THAT THE
 RANDOM QUANTITY IS NEVER 0 WHEN THE POWER IS < 1.
Note: The following floating-point exceptions are signalling: IEEE_INVALID_FLAG IEEE_DIVIDE_BY_ZERO

License Registered to: Pharmetheus AB
Expiration Date:    14 DEC 2020
Current Date:       23 OCT 2020
Days until program expires :  51
1NONLINEAR MIXED EFFECTS MODEL PROGRAM (NONMEM) VERSION 7.3.0
 ORIGINALLY DEVELOPED BY STUART BEAL, LEWIS SHEINER, AND ALISON BOECKMANN
 CURRENT DEVELOPERS ARE ROBERT BAUER, ICON DEVELOPMENT SOLUTIONS,
 AND ALISON BOECKMANN. IMPLEMENTATION, EFFICIENCY, AND STANDARDIZATION
 PERFORMED BY NOUS INFOSYSTEMS.

 PROBLEM NO.:         1
 Time-to-event model example Weibull distribution
0DATA CHECKOUT RUN:              NO
 DATA SET LOCATED ON UNIT NO.:    2
 THIS UNIT TO BE REWOUND:        NO
 NO. OF DATA RECS IN DATA SET:      600
 NO. OF DATA ITEMS IN DATA SET:   8
 ID DATA ITEM IS DATA ITEM NO.:   1
 DEP VARIABLE IS DATA ITEM NO.:   3
 MDV DATA ITEM IS DATA ITEM NO.:  8
0INDICES PASSED TO SUBROUTINE PRED:
   4   2   0   0   0   0   0   0   0   0   0
0LABELS FOR DATA ITEMS:
 ID TIME DV EVID DOSE EXPO AGE MDV
0(NONBLANK) LABELS FOR PRED-DEFINED ITEMS:
 CHZ SURX
0FORMAT FOR DATA:
 (5E13.0/2E13.0,1F2.0)

 TOT. NO. OF OBS RECS:      300
 TOT. NO. OF INDIVIDUALS:    300
0LENGTH OF THETA:   4
0DEFAULT THETA BOUNDARY TEST OMITTED:    NO
0OMEGA HAS SIMPLE DIAGONAL FORM WITH DIMENSION:   1
0DEFAULT OMEGA BOUNDARY TEST OMITTED:    NO
0INITIAL ESTIMATE OF THETA:
 LOWER BOUND    INITIAL EST    UPPER BOUND
  0.0000E+00     0.5000E-02     0.1000E+07
  0.2000E+00     0.1300E+01     0.1000E+07
  0.0000E+00     0.5000E+00     0.2000E+01
 -0.1000E+01    -0.1000E-01     0.1000E+01
0INITIAL ESTIMATE OF OMEGA:
 0.0000E+00
0OMEGA CONSTRAINED TO BE THIS INITIAL ESTIMATE
0COVARIANCE STEP OMITTED:        NO
 R MATRIX SUBSTITUTED:          YES
 S MATRIX SUBSTITUTED:           NO
 EIGENVLS. PRINTED:             YES
 COMPRESSED FORMAT:              NO
 SIGDIGITS ETAHAT (SIGLO):                  -1
 SIGDIGITS GRADIENTS (SIGL):                -1
 RELATIVE TOLERANCE (TOL):                  -1
 ABSOLUTE TOLERANCE-ADVAN 9,13 ONLY (ATOL): -1
 EXCLUDE COV FOR FOCE (NOFCOV):              NO
 RESUME COV ANALYSIS (RESUME):               NO
0TABLES STEP OMITTED:    NO
 NO. OF TABLES:           1
 SEED NUMBER (SEED):    11456
 RANMETHOD:
 MC SAMPLES (ESEED):    300
 WRES SQUARE ROOT TYPE:            EIGENVALUE
0-- TABLE   1 --
 PRINTED:                NO
 HEADER:                YES
 FILE TO BE FORWARDED:   NO
 FORMAT:                S1PE11.4
 LFORMAT:
 RFORMAT:
0USER-CHOSEN ITEMS:
 ID TIME SURX CHZ EVID AGE EXPO DOSE
1DOUBLE PRECISION PREDPP VERSION 7.3.0

 GENERAL NONLINEAR KINETICS MODEL USING LSODA (ADVAN13)
0MODEL SUBROUTINE USER-SUPPLIED - ID NO. 9999
0MAXIMUM NO. OF BASIC PK PARAMETERS:   3
0COMPARTMENT ATTRIBUTES
 COMPT. NO.   FUNCTION   INITIAL    ON/OFF      DOSE      DEFAULT    DEFAULT
                         STATUS     ALLOWED    ALLOWED    FOR DOSE   FOR OBS.
    1         HAZARD       ON         YES        YES        YES        YES
    2         OUTPUT       OFF        YES        NO         NO         NO
0NRD VALUE(S) FROM SUBROUTINE TOL:   9
1
 ADDITIONAL PK PARAMETERS - ASSIGNMENT OF ROWS IN GG
 COMPT. NO.                             INDICES
              SCALE      BIOAVAIL.   ZERO-ORDER  ZERO-ORDER  ABSORB
                         FRACTION    RATE        DURATION    LAG
    1            *           *           *           *           *
    2            *           -           -           -           -
             - PARAMETER IS NOT ALLOWED FOR THIS MODEL
             * PARAMETER IS NOT SUPPLIED BY PK SUBROUTINE;
               WILL DEFAULT TO ONE IF APPLICABLE
0DATA ITEM INDICES USED BY PRED ARE:
   EVENT ID DATA ITEM IS DATA ITEM NO.:      4
   TIME DATA ITEM IS DATA ITEM NO.:          2

0PK SUBROUTINE CALLED WITH EVERY EVENT RECORD.
 PK SUBROUTINE NOT CALLED AT NONEVENT (ADDITIONAL OR LAGGED) DOSE TIMES.
0ERROR SUBROUTINE CALLED WITH EVERY EVENT RECORD.
0ERROR SUBROUTINE INDICATES THAT DERIVATIVES OF COMPARTMENT AMOUNTS ARE USED.
0DES SUBROUTINE USES FULL STORAGE MODE.
1


 #TBLN:      1
 #METH: First Order

 ESTIMATION STEP OMITTED:                 NO  
 ANALYSIS TYPE:                           POPULATION
 EPS-ETA INTERACTION:                     NO  
 PRED F SET TO A LIKELIHOOD:              YES 
 NO. OF FUNCT. EVALS. ALLOWED:            9999
 NO. OF SIG. FIGURES REQUIRED:            3
 INTERMEDIATE PRINTOUT:                   YES 
 ESTIMATE OUTPUT TO MSF:                  NO  
 IND. OBJ. FUNC. VALUES SORTED:           NO  
 NUMERICAL DERIVATIVE 
       FILE REQUEST (NUMDER):             NONE
 MAP (ETAHAT) ESTIMATION METHOD (OPTMAP): 0           
 ETA HESSIAN EVALUATION METHOD (ETADER):  0           
 INITIAL ETA FOR MAP ESTIMATION (MCETA):  0           
 SIGDIGITS FOR MAP ESTIMATION (SIGLO):    9           
 GRADIENT SIGDIGITS OF 
       FIXED EFFECTS PARAMETERS (SIGL):   9           
 EXCLUDE TITLE (NOTITLE):                 NO 
 EXCLUDE COLUMN LABELS (NOLABEL):         NO 
 NOPRIOR SETTING (NOPRIOR):               OFF
 NOCOV SETTING (NOCOV):                   OFF
 DERCONT SETTING (DERCONT):               OFF
 ABSOLUTE TOLERANCE-ADVAN 9,13 ONLY(ATOL):-100        
 FINAL ETA RE-EVALUATION (FNLETA):        ON 
 EXCLUDE NON-INFLUENTIAL (NON-INFL.) ETAS 
       IN SHRINKAGE (ETASTYPE):           NO 
 NON-INFL. ETA CORRECTION (NONINFETA):    OFF
 FORMAT FOR ADDITIONAL FILES (FORMAT):    S1PE12.5
 PARAMETER ORDER FOR OUTPUTS (ORDER):     TSOL
 ADDITIONAL CONVERGENCE TEST (CTYPE=4)?:  NO
 EM OR BAYESIAN METHOD USED:                NONE


 THE FOLLOWING LABELS ARE EQUIVALENT
 PRED=NPRED
 RES=NRES
 WRES=NWRES
 IWRS=NIWRES
 IPRD=NIPRED
 IRS=NIRES

 MONITORING OF SEARCH:


0ITERATION NO.:    0    OBJECTIVE VALUE:   2983.11448869040        NO. OF FUNC. EVALS.:   5
 CUMULATIVE NO. OF FUNC. EVALS.:        5
 NPARAMETR:  5.0000E-03  1.3000E+00  5.0000E-01 -1.0000E-02
 PARAMETER:  1.0000E-01  1.0000E-01  1.0000E-01  1.0000E-01
 GRADIENT:   5.6393E+00  1.0510E+01 -4.9278E-01  1.7251E+03

0ITERATION NO.:    1    OBJECTIVE VALUE:   2982.61837413081        NO. OF FUNC. EVALS.:   9
 CUMULATIVE NO. OF FUNC. EVALS.:       14
 NPARAMETR:  5.0000E-03  1.3000E+00  5.0000E-01 -1.0375E-02
 PARAMETER:  9.9998E-02  9.9995E-02  1.0000E-01  9.9250E-02
 GRADIENT:  -1.3736E+01 -8.2633E+00 -5.9658E-01 -3.5151E+02

0ITERATION NO.:    2    OBJECTIVE VALUE:   2982.59420448464        NO. OF FUNC. EVALS.:  12
 CUMULATIVE NO. OF FUNC. EVALS.:       26
 NPARAMETR:  5.0000E-03  1.3000E+00  5.0000E-01 -1.0306E-02
 PARAMETER:  1.0000E-01  9.9999E-02  1.0000E-01  9.9388E-02
 GRADIENT:  -1.0327E+01 -4.9849E+00 -5.7830E-01  1.1087E+01

0ITERATION NO.:    3    OBJECTIVE VALUE:   2982.49255079465        NO. OF FUNC. EVALS.:   7
 CUMULATIVE NO. OF FUNC. EVALS.:       33
 NPARAMETR:  5.1869E-03  1.3199E+00  5.0076E-01 -1.0560E-02
 PARAMETER:  1.3671E-01  1.1789E-01  1.0204E-01  9.8881E-02
 GRADIENT:   8.6404E+00 -9.6288E-01 -6.2249E-01  3.1274E+01

0ITERATION NO.:    4    OBJECTIVE VALUE:   2982.48887241993        NO. OF FUNC. EVALS.:   8
 CUMULATIVE NO. OF FUNC. EVALS.:       41
 NPARAMETR:  5.1793E-03  1.3278E+00  5.0133E-01 -1.0585E-02
 PARAMETER:  1.3523E-01  1.2496E-01  1.0355E-01  9.8831E-02
 GRADIENT:   6.4830E+00  3.8148E+00 -6.3078E-01  4.0221E+01

0ITERATION NO.:    5    OBJECTIVE VALUE:   2982.30118598708        NO. OF FUNC. EVALS.:   8
 CUMULATIVE NO. OF FUNC. EVALS.:       49
 NPARAMETR:  5.1296E-03  1.3209E+00  7.0572E-01 -1.0528E-02
 PARAMETER:  1.2559E-01  1.1883E-01  5.9211E-01  9.8943E-02
 GRADIENT:   1.5470E+00  7.3025E-01  1.4335E-01  2.8354E+01

0ITERATION NO.:    6    OBJECTIVE VALUE:   2982.29447910328        NO. OF FUNC. EVALS.:   6
 CUMULATIVE NO. OF FUNC. EVALS.:       55
 NPARAMETR:  5.1140E-03  1.3186E+00  6.6230E-01 -1.0507E-02
 PARAMETER:  1.2255E-01  1.1677E-01  4.9562E-01  9.8986E-02
 GRADIENT:  -3.5515E-01 -8.5959E-02 -4.6587E-02 -8.3866E+00

0ITERATION NO.:    7    OBJECTIVE VALUE:   2982.29385491389        NO. OF FUNC. EVALS.:   6
 CUMULATIVE NO. OF FUNC. EVALS.:       61
 NPARAMETR:  5.1165E-03  1.3189E+00  6.7281E-01 -1.0510E-02
 PARAMETER:  1.2303E-01  1.1701E-01  5.1925E-01  9.8980E-02
 GRADIENT:  -1.3912E-02 -4.2831E-03 -1.6265E-03 -2.9793E-01

0ITERATION NO.:    8    OBJECTIVE VALUE:   2982.29385483373        NO. OF FUNC. EVALS.:   6
 CUMULATIVE NO. OF FUNC. EVALS.:       67
 NPARAMETR:  5.1165E-03  1.3189E+00  6.7300E-01 -1.0510E-02
 PARAMETER:  1.2304E-01  1.1702E-01  5.1967E-01  9.8980E-02
 GRADIENT:  -6.8692E-03 -2.1175E-03 -8.0295E-04 -1.4716E-01

0ITERATION NO.:    9    OBJECTIVE VALUE:   2982.29385483373        NO. OF FUNC. EVALS.:   8
 CUMULATIVE NO. OF FUNC. EVALS.:       75
 NPARAMETR:  5.1165E-03  1.3189E+00  6.7300E-01 -1.0510E-02
 PARAMETER:  1.2304E-01  1.1702E-01  5.1967E-01  9.8980E-02
 GRADIENT:  -8.5378E-03 -3.7004E-03 -8.1874E-04 -3.6265E+00

0ITERATION NO.:   10    OBJECTIVE VALUE:   2982.29385483373        NO. OF FUNC. EVALS.:   0
 CUMULATIVE NO. OF FUNC. EVALS.:       75
 NPARAMETR:  5.1165E-03  1.3189E+00  6.7300E-01 -1.0510E-02
 PARAMETER:  1.2304E-01  1.1702E-01  5.1967E-01  9.8980E-02
 GRADIENT:  -8.5378E-03 -3.7004E-03 -8.1874E-04 -3.6265E+00

 #TERM:
0MINIMIZATION SUCCESSFUL
 NO. OF FUNCTION EVALUATIONS USED:       75
 NO. OF SIG. DIGITS IN FINAL EST.:  3.2
 #TERE:
 Elapsed estimation time in seconds:     4.28
 Elapsed covariance time in seconds:     1.73
1
 
 
 
 
 
 
 
 
 
 
 
 
 
 
 
 
 
 
 
 
 ************************************************************************************************************************
 ********************                                                                                ********************
 ********************                                   FIRST ORDER                                  ********************
 #OBJT:**************                       MINIMUM VALUE OF OBJECTIVE FUNCTION                      ********************
 ********************                                                                                ********************
 ************************************************************************************************************************
 





 #OBJV:********************************************     2982.294       **************************************************
1
 ************************************************************************************************************************
 ********************                                                                                ********************
 ********************                                   FIRST ORDER                                  ********************
 ********************                             FINAL PARAMETER ESTIMATE                           ********************
 ********************                                                                                ********************
 ************************************************************************************************************************
 


 THETA - VECTOR OF FIXED EFFECTS PARAMETERS   *********


         TH 1      TH 2      TH 3      TH 4     
 
         5.12E-03  1.32E+00  6.73E-01 -1.05E-02
 


 OMEGA - COV MATRIX FOR RANDOM EFFECTS - ETAS  ********


            ETA1   
 
 ETA1
+        0.00E+00
 
1


 OMEGA - CORR MATRIX FOR RANDOM EFFECTS - ETAS  *******


            ETA1   
 
 ETA1
+        0.00E+00
 
1
 ************************************************************************************************************************
 ********************                                                                                ********************
 ********************                                   FIRST ORDER                                  ********************
 ********************                            STANDARD ERROR OF ESTIMATE                          ********************
 ********************                                                                                ********************
 ************************************************************************************************************************
 


 THETA - VECTOR OF FIXED EFFECTS PARAMETERS   *********


         TH 1      TH 2      TH 3      TH 4     
 
         3.07E-04  6.69E-02  4.58E-01  6.36E-04
 


 OMEGA - COV MATRIX FOR RANDOM EFFECTS - ETAS  ********


            ETA1   
 
 ETA1
+       .........
 
1


 OMEGA - CORR MATRIX FOR RANDOM EFFECTS - ETAS  *******


            ETA1   
 
 ETA1
+       .........
 
1
 ************************************************************************************************************************
 ********************                                                                                ********************
 ********************                                   FIRST ORDER                                  ********************
 ********************                          COVARIANCE MATRIX OF ESTIMATE                         ********************
 ********************                                                                                ********************
 ************************************************************************************************************************
 

            TH 1      TH 2      TH 3      TH 4      OM11  
 
 TH 1
+        9.43E-08
 
 TH 2
+        6.48E-06  4.48E-03
 
 TH 3
+        2.06E-07  1.92E-03  2.10E-01
 
 TH 4
+       -1.15E-07 -2.51E-05 -2.78E-05  4.05E-07
 
 OM11
+       ......... ......... ......... ......... .........
 
1
 ************************************************************************************************************************
 ********************                                                                                ********************
 ********************                                   FIRST ORDER                                  ********************
 ********************                          CORRELATION MATRIX OF ESTIMATE                        ********************
 ********************                                                                                ********************
 ************************************************************************************************************************
 

            TH 1      TH 2      TH 3      TH 4      OM11  
 
 TH 1
+        3.07E-04
 
 TH 2
+        3.16E-01  6.69E-02
 
 TH 3
+        1.46E-03  6.25E-02  4.58E-01
 
 TH 4
+       -5.91E-01 -5.89E-01 -9.56E-02  6.36E-04
 
 OM11
+       ......... ......... ......... ......... .........
 
1
 ************************************************************************************************************************
 ********************                                                                                ********************
 ********************                                   FIRST ORDER                                  ********************
 ********************                      INVERSE COVARIANCE MATRIX OF ESTIMATE                     ********************
 ********************                                                                                ********************
 ************************************************************************************************************************
 

            TH 1      TH 2      TH 3      TH 4      OM11  
 
 TH 1
+        1.64E+07
 
 TH 2
+        3.70E+03  3.43E+02
 
 TH 3
+        6.08E+02 -1.77E-01  4.84E+00
 
 TH 4
+        4.95E+06  2.23E+04  4.95E+02  5.30E+06
 
 OM11
+       ......... ......... ......... ......... .........
 
1
 
 
 
 
 
 
 
 
 
 
 
 
 
 
 
 
 
 
 
 
 ************************************************************************************************************************
 ********************                                                                                ********************
 ********************                                   FIRST ORDER                                  ********************
 ********************                      EIGENVALUES OF COR MATRIX OF ESTIMATE                     ********************
 ********************                                                                                ********************
 ************************************************************************************************************************
 

             1         2         3         4
 
         3.06E-01  6.79E-01  1.00E+00  2.02E+00
 
 #CPUT: Total CPU Time in Seconds,        6.198
Stop Time:
Fri Oct 23 14:43:51 CEST 2020
